PLUS
MINUS
TIMES
DIVIDE
LBRACE
RBRACE
LBRACKET
RBRACKET
LPAREN
RPAREN
ID
LITERAL
INT
ID
NULL
VOID
