ACCEPT
[program:
  [mdecl:
    INT
    MAIN
    LPAREN
    RPAREN
    LBRACE
    [vdecl_list:]
    [stmt_list: [stmt_list:] [stmt: RETURN SEMI]]
    RBRACE
  ]
  [fdecls:]
  EOF
]
