ACCEPT
[program:
  [mdecl:
    INT
    MAIN
    LPAREN
    RPAREN
    LBRACE
    [vdecl_list:]
    [stmt_list: [stmt_list:] [stmt: RETURN SEMI]]
    RBRACE
  ]
  [fdecls:
    [fdecls:]
    [fdecl:
      [primitives: VOID]
      ID
      LPAREN
      [formals_opt:]
      RPAREN
      LBRACE
      [vdecl_list:]
      [stmt_list: [stmt_list:] [stmt: RETURN SEMI]]
      RBRACE
    ]
  ]
  EOF
]
