ACCEPT
[program:
  [mdecl:
    INT
    MAIN
    LPAREN
    RPAREN
    LBRACE
    [vdecl_list:
      [vdecl_list:
        [vdecl_list:
          [vdecl_list:
            [vdecl_list:
              [vdecl_list: [vdecl_list:] [vdecl: [primitives: INT] ID SEMI]]
              [vdecl: [primitives: BOOL] ID SEMI]
            ]
            [vdecl: [primitives: FLOAT] ID SEMI]
          ]
          [vdecl: [primitives: STRING] ID SEMI]
        ]
        [vdecl:
          [primitives: MATRIX [primitives: INT] LBRACKET NUM_LIT RBRACKET]
          ID
          SEMI
        ]
      ]
      [vdecl:
        [primitives:
          MATRIX
          [primitives: INT]
          LBRACKET
          NUM_LIT
          COMMA
          NUM_LIT
          RBRACKET
        ]
        ID
        SEMI
      ]
    ]
    [stmt_list: [stmt_list:] [stmt: RETURN [expr: NUM_LIT] SEMI]]
    RBRACE
  ]
  [fdecls:]
  EOF
]
