1 2 3 
4 5 6 
1.300000 2.200000 
3.100000 4.600000 
5.200000 6.500000 
