vi: 
1	2	
vi+vi: 
2	4	
vi-vi: 
0	0	
vf: 
1.100000	2.200000	
vf+vf: 
2.199999	4.400000	
vf-vf: 
0.000000	0.000000	
mi:
1	2	3	
4	5	6	
mj:
1	2	3	
4	5	6	
ma:
2	4	6	
8	10	12	
ms:
0	0	0	
0	0	0	
mf:
1.100000	2.200000	3.300000	4.400000	5.500000	
1.100000	2.200000	3.300000	4.400000	5.500000	
1.100000	2.200000	3.300000	4.400000	5.500000	
me:
1.100000	2.200000	3.300000	4.400000	5.500000	
1.100000	2.200000	3.300000	4.400000	5.500000	
1.100000	2.200000	3.300000	4.400000	5.500000	
mfa:
2.200000	4.400000	6.600000	8.800000	11.000000	
2.200000	4.400000	6.600000	8.800000	11.000000	
2.200000	4.400000	6.600000	8.800000	11.000000	
mfs:
0.000000	0.000000	0.000000	0.000000	0.000000	
0.000000	0.000000	0.000000	0.000000	0.000000	
0.000000	0.000000	0.000000	0.000000	0.000000	
