; ModuleID = 'CMAT'

@fmt = private unnamed_addr constant [4 x i8] c"%d\0A\00"
@fmt.1 = private unnamed_addr constant [4 x i8] c"%f\0A\00"

declare i32 @printf(i8*, ...)

define i32 @main() {
entry:
  %d = alloca i32
  %f = alloca double
  %v = alloca [5 x double]
  %m = alloca [7 x [6 x i32]]
  %t = alloca i1
  %s = alloca i8*
  ret i32 0
}
