Fatal error: exception Exceptions.DuplicateFunc("x")
