Fatal error: exception Exceptions.VectorAccessOnNonMatrix("x")
