Fatal error: exception Exceptions.InvalidBinopExpression("Can only use Bools for logical operators")
