Fatal error: exception Exceptions.MatrixLitMustBeOneType
