Fatal error: exception Exceptions.AssignmentTypeMismatch("matrix", "vector")
