Fatal error: exception Exceptions.UnsupportedMatrixBinop("Cannot divide matrices")
