Fatal error: exception Exceptions.InvalidBinopExpression("Arithmetic operators on unsupported type")
