Fatal error: exception Exceptions.VectorLitMustBeOneType
