LPAREN
RPAREN
LBRACE
RBRACE
LBRACKET
RBRACKET
IF
ELSE
WHILE
FOR
RETURN
MAIN
BREAK
EQ
NEQ
LT
GT
LEQ
GEQ
AND
OR
NOT
PLUS
MINUS
TIMES
DIVIDE
ASSIGN
INC
DEC
INT
FLOAT
BOOL
VOID
NULL
STRING
TRUE
FALSE
SEMI
COMMA
COLON
ID
INT_LIT
STRING_LIT
FLOAT_LIT
