FLOAT
ID
LPAREN
INT
ID
COMMA
INT
ID
RPAREN
LBRACE
RETURN
FLOAT_LIT
SEMI
RBRACE
