STRING_LIT
FLOAT_LIT
TRUE
FALSE
NULL
STRING_LIT
INT_LIT
