INT
MAIN
LPAREN
RPAREN
LBRACE
RETURN
INT_LIT
SEMI
RBRACE
