INT_LIT
MINUS
FLOAT_LIT
TIMES
FLOAT_LIT
DIVIDE
INT_LIT
MINUS
FLOAT_LIT
