INT
ID
LPAREN
INT
ID
COMMA
INT
ID
RPAREN
LBRACE
RETURN
INT_LIT
SEMI
RBRACE
